*** Using Compiler 'V5.05 update 2 (build 169)', folder: 'D:\Keil_v5\ARM\ARMCC\Bin'
Build target 'chuxun'
compiling main.c...
main.c(246): warning:  #550-D: variable "mode" was set but never used
        uint8_t mode;
main.c(248): warning:  #177-D: variable "mf" was declared but never referenced
        float32_t mf,ma,h,F,dertaF,Rc;
main.c(248): warning:  #177-D: variable "ma" was declared but never referenced
        float32_t mf,ma,h,F,dertaF,Rc;
main.c(248): warning:  #177-D: variable "h" was declared but never referenced
        float32_t mf,ma,h,F,dertaF,Rc;
main.c(248): warning:  #177-D: variable "dertaF" was declared but never referenced
        float32_t mf,ma,h,F,dertaF,Rc;
main.c(248): warning:  #550-D: variable "Rc" was set but never used
        float32_t mf,ma,h,F,dertaF,Rc;
main.c(359): warning:  #177-D: variable "k" was declared but never referenced
        int i, k;
main.c: 7 warnings, 0 errors
compiling stm32f4xx_it.c...
compiling system_stm32f4xx.c...
assembling startup_stm32f40_41xxx.s...
compiling misc.c...
compiling stm32f4xx_adc.c...
compiling stm32f4xx_can.c...
compiling stm32f4xx_crc.c...
compiling stm32f4xx_cryp.c...
compiling stm32f4xx_cryp_aes.c...
compiling stm32f4xx_cryp_des.c...
compiling stm32f4xx_cryp_tdes.c...
compiling stm32f4xx_dac.c...
compiling stm32f4xx_dbgmcu.c...
compiling stm32f4xx_dcmi.c...
compiling stm32f4xx_dma.c...
compiling stm32f4xx_dma2d.c...
compiling stm32f4xx_exti.c...
compiling stm32f4xx_flash.c...
compiling stm32f4xx_flash_ramfunc.c...
compiling stm32f4xx_fsmc.c...
compiling stm32f4xx_gpio.c...
compiling stm32f4xx_hash.c...
compiling stm32f4xx_hash_md5.c...
compiling stm32f4xx_hash_sha1.c...
compiling stm32f4xx_i2c.c...
compiling stm32f4xx_iwdg.c...
compiling stm32f4xx_ltdc.c...
compiling stm32f4xx_pwr.c...
compiling stm32f4xx_rcc.c...
compiling stm32f4xx_rng.c...
compiling stm32f4xx_rtc.c...
compiling stm32f4xx_sai.c...
compiling stm32f4xx_sdio.c...
compiling stm32f4xx_spi.c...
compiling stm32f4xx_syscfg.c...
compiling stm32f4xx_tim.c...
compiling stm32f4xx_usart.c...
compiling stm32f4xx_wwdg.c...
compiling delay.c...
compiling sys.c...
compiling usart.c...
compiling timer.c...
compiling adc.c...
compiling relay.c...
compiling oled.c...
compiling dac.c...
compiling dip.c...
compiling myiic.c...
compiling key.c...
..\HARDWARE\KEY\key.c(125): warning:  #111-D: statement is unreachable
           if(
ol1==1) {keyboard_y=1;return KEYBOARD[keyboard_x-1][keyboard_y-1];break;} 
..\HARDWARE\KEY\key.c(126): warning:  #111-D: statement is unreachable
                else if(
ol2==1) {keyboard_y=2;return KEYBOARD[keyboard_x-1][keyboard_y-1];break;}
..\HARDWARE\KEY\key.c(127): warning:  #111-D: statement is unreachable
                else if(
ol3==1) {keyboard_y=3;return KEYBOARD[keyboard_x-1][keyboard_y-1];break;}
..\HARDWARE\KEY\key.c(128): warning:  #111-D: statement is unreachable
                else if(
ol4==1) {keyboard_y=4;return KEYBOARD[keyboard_x-1][keyboard_y-1];break;}
..\HARDWARE\KEY\key.c(130): warning:  #940-D: missing return statement at end of non-void function "KEYBOARD_Scan"
  }
..\HARDWARE\KEY\key.c: 5 warnings, 0 errors
compiling led.c...
compiling Drv_FPGA_SPI_SRAMLIKE.c...
compiling hmi.c...
compiling dsp.c...
..\HARDWARE\DSP\dsp.c(32): warning:  #550-D: variable "poi1" was set but never used
        u32 poi1,poi2,poi3,poi4;
..\HARDWARE\DSP\dsp.c(32): warning:  #550-D: variable "poi2" was set but never used
        u32 poi1,poi2,poi3,poi4;
..\HARDWARE\DSP\dsp.c(32): warning:  #550-D: variable "poi3" was set but never used
        u32 poi1,poi2,poi3,poi4;
..\HARDWARE\DSP\dsp.c(32): warning:  #550-D: variable "poi4" was set but never used
        u32 poi1,poi2,poi3,poi4;
..\HARDWARE\DSP\dsp.c: 4 warnings, 0 errors
linking...
Program Size: Code=11308 RO-data=424 RW-data=4072 ZI-data=30672  
FromELF: creating hex file...
".\Objects\chuxun.axf" - 0 Error(s), 16 Warning(s).
